// Jest Snapshot v1, https://goo.gl/fbAQLP

exports[`Field Component matches snapshot 1`] = `
<div class="field"><label for="id" class="label label--is-required">
    label
  </label> <input name="name" id="id" type="text" placeholder="placeholder" required="required" class="input">
  <!---->
  <!---->
</div>
`;
